squashfs-root
squashfs-root/usr
squashfs-root/usr/bin
squashfs-root/usr/bin/cl
squashfs-root/usr/bin/cl/clProbDist
squashfs-root/usr/bin/cl/clRNG
squashfs-root/usr/bin/Data
squashfs-root/usr/bin/Data/GDAL
squashfs-root/usr/bin/Data/R
squashfs-root/usr/bin/Dmps
squashfs-root/usr/bin/jre
squashfs-root/usr/bin/jre/bin
squashfs-root/usr/bin/jre/conf
squashfs-root/usr/bin/jre/include
squashfs-root/usr/bin/jre/legal
squashfs-root/usr/bin/jre/lib
squashfs-root/usr/bin/jre/man
squashfs-root/usr/bin/lib
squashfs-root/usr/bin/PyEnvironment
squashfs-root/usr/bin/PyEnvironment/bin
squashfs-root/usr/bin/PyEnvironment/lib
squashfs-root/usr/bin/Submodels
squashfs-root/usr/lib
