/opt/dinamica/usr
/opt/dinamica/usr/bin
/opt/dinamica/usr/bin/cl
/opt/dinamica/usr/bin/cl/clProbDist
/opt/dinamica/usr/bin/cl/clProbDist/private
/opt/dinamica/usr/bin/cl/clRNG
/opt/dinamica/usr/bin/cl/clRNG/private
/opt/dinamica/usr/bin/Data
/opt/dinamica/usr/bin/Data/GDAL
/opt/dinamica/usr/bin/Data/GDAL/3.20
/opt/dinamica/usr/bin/Data/GDAL/packages
/opt/dinamica/usr/bin/Data/GDAL/thirdparty
/opt/dinamica/usr/bin/Data/R
/opt/dinamica/usr/bin/Dmps
/opt/dinamica/usr/bin/jre
/opt/dinamica/usr/bin/jre/bin
/opt/dinamica/usr/bin/jre/conf
/opt/dinamica/usr/bin/jre/conf/management
/opt/dinamica/usr/bin/jre/conf/sdp
/opt/dinamica/usr/bin/jre/conf/security
/opt/dinamica/usr/bin/jre/include
/opt/dinamica/usr/bin/jre/include/linux
/opt/dinamica/usr/bin/jre/legal
/opt/dinamica/usr/bin/jre/legal/java.base
/opt/dinamica/usr/bin/jre/legal/java.compiler
/opt/dinamica/usr/bin/jre/legal/java.datatransfer
/opt/dinamica/usr/bin/jre/legal/java.desktop
/opt/dinamica/usr/bin/jre/legal/java.instrument
/opt/dinamica/usr/bin/jre/legal/java.logging
/opt/dinamica/usr/bin/jre/legal/java.management
/opt/dinamica/usr/bin/jre/legal/java.management.rmi
/opt/dinamica/usr/bin/jre/legal/java.naming
/opt/dinamica/usr/bin/jre/legal/java.net.http
/opt/dinamica/usr/bin/jre/legal/java.prefs
/opt/dinamica/usr/bin/jre/legal/java.rmi
/opt/dinamica/usr/bin/jre/legal/java.scripting
/opt/dinamica/usr/bin/jre/legal/java.se
/opt/dinamica/usr/bin/jre/legal/java.security.jgss
/opt/dinamica/usr/bin/jre/legal/java.security.sasl
/opt/dinamica/usr/bin/jre/legal/java.smartcardio
/opt/dinamica/usr/bin/jre/legal/java.sql
/opt/dinamica/usr/bin/jre/legal/java.sql.rowset
/opt/dinamica/usr/bin/jre/legal/java.transaction.xa
/opt/dinamica/usr/bin/jre/legal/java.xml
/opt/dinamica/usr/bin/jre/legal/java.xml.crypto
/opt/dinamica/usr/bin/jre/legal/jdk.accessibility
/opt/dinamica/usr/bin/jre/legal/jdk.attach
/opt/dinamica/usr/bin/jre/legal/jdk.charsets
/opt/dinamica/usr/bin/jre/legal/jdk.compiler
/opt/dinamica/usr/bin/jre/legal/jdk.crypto.cryptoki
/opt/dinamica/usr/bin/jre/legal/jdk.crypto.ec
/opt/dinamica/usr/bin/jre/legal/jdk.dynalink
/opt/dinamica/usr/bin/jre/legal/jdk.editpad
/opt/dinamica/usr/bin/jre/legal/jdk.hotspot.agent
/opt/dinamica/usr/bin/jre/legal/jdk.httpserver
/opt/dinamica/usr/bin/jre/legal/jdk.incubator.vector
/opt/dinamica/usr/bin/jre/legal/jdk.internal.ed
/opt/dinamica/usr/bin/jre/legal/jdk.internal.jvmstat
/opt/dinamica/usr/bin/jre/legal/jdk.internal.le
/opt/dinamica/usr/bin/jre/legal/jdk.internal.opt
/opt/dinamica/usr/bin/jre/legal/jdk.internal.vm.ci
/opt/dinamica/usr/bin/jre/legal/jdk.internal.vm.compiler
/opt/dinamica/usr/bin/jre/legal/jdk.internal.vm.compiler.management
/opt/dinamica/usr/bin/jre/legal/jdk.jartool
/opt/dinamica/usr/bin/jre/legal/jdk.javadoc
/opt/dinamica/usr/bin/jre/legal/jdk.jcmd
/opt/dinamica/usr/bin/jre/legal/jdk.jconsole
/opt/dinamica/usr/bin/jre/legal/jdk.jdeps
/opt/dinamica/usr/bin/jre/legal/jdk.jdi
/opt/dinamica/usr/bin/jre/legal/jdk.jdwp.agent
/opt/dinamica/usr/bin/jre/legal/jdk.jfr
/opt/dinamica/usr/bin/jre/legal/jdk.jlink
/opt/dinamica/usr/bin/jre/legal/jdk.jpackage
/opt/dinamica/usr/bin/jre/legal/jdk.jshell
/opt/dinamica/usr/bin/jre/legal/jdk.jsobject
/opt/dinamica/usr/bin/jre/legal/jdk.jstatd
/opt/dinamica/usr/bin/jre/legal/jdk.localedata
/opt/dinamica/usr/bin/jre/legal/jdk.management
/opt/dinamica/usr/bin/jre/legal/jdk.management.agent
/opt/dinamica/usr/bin/jre/legal/jdk.management.jfr
/opt/dinamica/usr/bin/jre/legal/jdk.naming.dns
/opt/dinamica/usr/bin/jre/legal/jdk.naming.rmi
/opt/dinamica/usr/bin/jre/legal/jdk.net
/opt/dinamica/usr/bin/jre/legal/jdk.nio.mapmode
/opt/dinamica/usr/bin/jre/legal/jdk.random
/opt/dinamica/usr/bin/jre/legal/jdk.sctp
/opt/dinamica/usr/bin/jre/legal/jdk.security.auth
/opt/dinamica/usr/bin/jre/legal/jdk.security.jgss
/opt/dinamica/usr/bin/jre/legal/jdk.unsupported
/opt/dinamica/usr/bin/jre/legal/jdk.unsupported.desktop
/opt/dinamica/usr/bin/jre/legal/jdk.xml.dom
/opt/dinamica/usr/bin/jre/legal/jdk.zipfs
/opt/dinamica/usr/bin/jre/lib
/opt/dinamica/usr/bin/jre/lib/jfr
/opt/dinamica/usr/bin/jre/lib/security
/opt/dinamica/usr/bin/jre/lib/server
/opt/dinamica/usr/bin/jre/man
/opt/dinamica/usr/bin/jre/man/man1
/opt/dinamica/usr/bin/lib
/opt/dinamica/usr/bin/PyEnvironment
/opt/dinamica/usr/bin/PyEnvironment/bin
/opt/dinamica/usr/bin/PyEnvironment/bin/python3
/opt/dinamica/usr/bin/PyEnvironment/lib
/opt/dinamica/usr/bin/PyEnvironment/lib/python3.12
/opt/dinamica/usr/bin/Submodels
/opt/dinamica/usr/lib
